#
# There is insufficient memory for the Java Runtime Environment to continue.
# Native memory allocation (malloc) failed to allocate 1738368 bytes. Error detail: Chunk::new
# Possible reasons:
#   The system is out of physical RAM or swap space
#   This process is running with CompressedOops enabled, and the Java Heap may be blocking the growth of the native heap
# Possible solutions:
#   Reduce memory load on the system
#   Increase physical memory or swap space
#   Check if swap backing store is full
#   Decrease Java heap size (-Xmx/-Xms)
#   Decrease number of Java threads
#   Decrease Java thread stack sizes (-Xss)
#   Set larger code cache with -XX:ReservedCodeCacheSize=
#   JVM is running with Unscaled Compressed Oops mode in which the Java heap is
#     placed in the first 4GB address space. The Java Heap base address is the
#     maximum limit for the native heap growth. Please use -XX:HeapBaseMinAddress
#     to set the Java Heap base and to place the Java Heap above 4GB virtual address.
# This output file may be truncated or incomplete.
#
#  Out of Memory Error (arena.cpp:191), pid=8252, tid=2692
#
# JRE version: OpenJDK Runtime Environment Temurin-17.0.13+11 (17.0.13+11) (build 17.0.13+11)
# Java VM: OpenJDK 64-Bit Server VM Temurin-17.0.13+11 (17.0.13+11, mixed mode, tiered, compressed oops, compressed class ptrs, parallel gc, windows-amd64)
# No core dump will be written. Minidumps are not enabled by default on client versions of Windows
#

---------------  S U M M A R Y ------------

Command Line: --add-modules=ALL-SYSTEM --add-opens=java.base/java.util=ALL-UNNAMED --add-opens=java.base/java.lang=ALL-UNNAMED --add-opens=java.base/sun.nio.fs=ALL-UNNAMED -Declipse.application=org.eclipse.jdt.ls.core.id1 -Dosgi.bundles.defaultStartLevel=4 -Declipse.product=org.eclipse.jdt.ls.core.product -Djava.import.generatesMetadataFilesAtProjectRoot=false -DDetectVMInstallationsJob.disabled=true -Dfile.encoding=utf8 -XX:+UseParallelGC -XX:GCTimeRatio=4 -XX:AdaptiveSizePolicyWeight=90 -Dsun.zip.disableMemoryMapping=true -Xmx1G -Xms100m -Xlog:disable -javaagent:c:\Users\rizdi\.vscode\extensions\redhat.java-1.38.0-win32-x64\lombok\lombok-1.18.34.jar -XX:+HeapDumpOnOutOfMemoryError -XX:HeapDumpPath=c:\Users\rizdi\AppData\Roaming\Code\User\workspaceStorage\91ffe9285b8eece1fb78c072f607f828\redhat.java -Daether.dependencyCollector.impl=bf c:\Users\rizdi\.vscode\extensions\redhat.java-1.38.0-win32-x64\server\plugins\org.eclipse.equinox.launcher_1.6.900.v20240613-2009.jar -configuration c:\Users\rizdi\AppData\Roaming\Code\User\globalStorage\redhat.java\1.38.0\config_win -data c:\Users\rizdi\AppData\Roaming\Code\User\workspaceStorage\91ffe9285b8eece1fb78c072f607f828\redhat.java\jdt_ws --pipe=\\.\pipe\lsp-c278ceb99f695f12c151ec80ad92f604-sock

Host: Intel(R) Core(TM) i7-8565U CPU @ 1.80GHz, 8 cores, 7G,  Windows 11 , 64 bit Build 22621 (10.0.22621.4391)
Time: Fri Jan 10 15:49:10 2025 SE Asia Standard Time elapsed time: 53.661128 seconds (0d 0h 0m 53s)

---------------  T H R E A D  ---------------

Current thread (0x00000231fab1fab0):  JavaThread "C2 CompilerThread0" daemon [_thread_in_native, id=2692, stack(0x0000006053300000,0x0000006053400000)]


Current CompileTask:
C2:  53661 14683       4       org.eclipse.jdt.internal.core.search.indexing.BinaryIndexer::addBinaryStandardAnnotations (238 bytes)

Stack: [0x0000006053300000,0x0000006053400000]
Native frames: (J=compiled Java code, j=interpreted, Vv=VM code, C=native code)
V  [jvm.dll+0x682a19]
V  [jvm.dll+0x839538]
V  [jvm.dll+0x83afe3]
V  [jvm.dll+0x83b653]
V  [jvm.dll+0x24704f]
V  [jvm.dll+0xace34]
V  [jvm.dll+0xad4cc]
V  [jvm.dll+0x36597e]
V  [jvm.dll+0x32fbd8]
V  [jvm.dll+0x32f05a]
V  [jvm.dll+0x21804f]
V  [jvm.dll+0x21748f]
V  [jvm.dll+0x1a3070]
V  [jvm.dll+0x22788c]
V  [jvm.dll+0x2259eb]
V  [jvm.dll+0x7eec98]
V  [jvm.dll+0x7e8ffc]
V  [jvm.dll+0x6818f7]
C  [ucrtbase.dll+0x29333]
C  [KERNEL32.DLL+0x1259d]
C  [ntdll.dll+0x5af38]


---------------  P R O C E S S  ---------------

Threads class SMR info:
_java_thread_list=0x00000231fe692ab0, length=67, elements={
0x00000231dfbf4560, 0x00000231f59c1020, 0x00000231f59c3040, 0x00000231f59c7f10,
0x00000231f59c8ba0, 0x00000231f59cbfe0, 0x00000231f59ce870, 0x00000231fab1fab0,
0x00000231fab20770, 0x00000231fab2ac90, 0x00000231fac493a0, 0x00000231fae311c0,
0x00000231fc60a860, 0x00000231fc927410, 0x00000231fc73d320, 0x00000231fc5e43b0,
0x00000231fcbd98c0, 0x00000231fcc2cd20, 0x00000231fcc2d740, 0x00000231fcc2a9b0,
0x00000231fcc2d230, 0x00000231fcc2c810, 0x00000231fcc2aec0, 0x00000231fcc2b3d0,
0x00000231fcc2b8e0, 0x00000231fcc2bdf0, 0x00000231fbfed790, 0x00000231fbfec860,
0x00000231fbfeb420, 0x00000231fbfebe40, 0x00000231fbfeaa00, 0x00000231fbfec350,
0x00000231fbfe90b0, 0x00000231fbfe9ad0, 0x00000231fbfecd70, 0x00000231fbfef0e0,
0x00000231fbfe8ba0, 0x00000231fbfee6c0, 0x00000231fbfed280, 0x00000231fbfedca0,
0x00000231fbfeebd0, 0x00000231fbfeaf10, 0x00000231fbfe8180, 0x00000231fbfe8690,
0x00000231fbfee1b0, 0x00000231fbfe95c0, 0x00000231fbfe9fe0, 0x00000231fbfea4f0,
0x00000231fcc2dc50, 0x00000231fbfe7c70, 0x00000231ff744c00, 0x00000231ff746f70,
0x00000231ff742da0, 0x00000231ff745b30, 0x00000231ff746040, 0x00000231ff740010,
0x00000231ff747990, 0x00000231ff742890, 0x00000231ff740a30, 0x00000231ff740520,
0x00000231ff745110, 0x00000231ff7432b0, 0x00000231ff3028d0, 0x00000231ff303d10,
0x00000231ff305b70, 0x00000231ff300f80, 0x00000231ff306aa0
}

Java Threads: ( => current thread )
  0x00000231dfbf4560 JavaThread "main" [_thread_blocked, id=21044, stack(0x0000006052a00000,0x0000006052b00000)]
  0x00000231f59c1020 JavaThread "Reference Handler" daemon [_thread_blocked, id=4248, stack(0x0000006052d00000,0x0000006052e00000)]
  0x00000231f59c3040 JavaThread "Finalizer" daemon [_thread_blocked, id=30612, stack(0x0000006052e00000,0x0000006052f00000)]
  0x00000231f59c7f10 JavaThread "Signal Dispatcher" daemon [_thread_blocked, id=6340, stack(0x0000006052f00000,0x0000006053000000)]
  0x00000231f59c8ba0 JavaThread "Attach Listener" daemon [_thread_blocked, id=23816, stack(0x0000006053000000,0x0000006053100000)]
  0x00000231f59cbfe0 JavaThread "Service Thread" daemon [_thread_blocked, id=18664, stack(0x0000006053100000,0x0000006053200000)]
  0x00000231f59ce870 JavaThread "Monitor Deflation Thread" daemon [_thread_blocked, id=14360, stack(0x0000006053200000,0x0000006053300000)]
=>0x00000231fab1fab0 JavaThread "C2 CompilerThread0" daemon [_thread_in_native, id=2692, stack(0x0000006053300000,0x0000006053400000)]
  0x00000231fab20770 JavaThread "C1 CompilerThread0" daemon [_thread_blocked, id=13180, stack(0x0000006053400000,0x0000006053500000)]
  0x00000231fab2ac90 JavaThread "Sweeper thread" daemon [_thread_blocked, id=23920, stack(0x0000006053500000,0x0000006053600000)]
  0x00000231fac493a0 JavaThread "Common-Cleaner" daemon [_thread_blocked, id=8492, stack(0x0000006053600000,0x0000006053700000)]
  0x00000231fae311c0 JavaThread "Notification Thread" daemon [_thread_blocked, id=30336, stack(0x0000006053800000,0x0000006053900000)]
  0x00000231fc60a860 JavaThread "Active Thread: Equinox Container: 85f01b2a-f526-4022-a42e-9106c14a6d0d" [_thread_blocked, id=19560, stack(0x0000006054100000,0x0000006054200000)]
  0x00000231fc927410 JavaThread "Refresh Thread: Equinox Container: 85f01b2a-f526-4022-a42e-9106c14a6d0d" daemon [_thread_blocked, id=25544, stack(0x0000006054200000,0x0000006054300000)]
  0x00000231fc73d320 JavaThread "Framework Event Dispatcher: Equinox Container: 85f01b2a-f526-4022-a42e-9106c14a6d0d" daemon [_thread_blocked, id=28164, stack(0x0000006054300000,0x0000006054400000)]
  0x00000231fc5e43b0 JavaThread "Start Level: Equinox Container: 85f01b2a-f526-4022-a42e-9106c14a6d0d" daemon [_thread_blocked, id=2064, stack(0x0000006054400000,0x0000006054500000)]
  0x00000231fcbd98c0 JavaThread "Bundle File Closer" daemon [_thread_blocked, id=816, stack(0x0000006054600000,0x0000006054700000)]
  0x00000231fcc2cd20 JavaThread "SCR Component Actor" daemon [_thread_blocked, id=25108, stack(0x0000006054700000,0x0000006054800000)]
  0x00000231fcc2d740 JavaThread "Worker-JM" [_thread_blocked, id=24120, stack(0x0000006053a00000,0x0000006053b00000)]
  0x00000231fcc2a9b0 JavaThread "JNA Cleaner" daemon [_thread_blocked, id=22568, stack(0x0000006053700000,0x0000006053800000)]
  0x00000231fcc2d230 JavaThread "Worker-0" [_thread_blocked, id=7588, stack(0x0000006054b00000,0x0000006054c00000)]
  0x00000231fcc2c810 JavaThread "Worker-1" [_thread_blocked, id=2580, stack(0x0000006054900000,0x0000006054a00000)]
  0x00000231fcc2aec0 JavaThread "Worker-2" [_thread_blocked, id=21016, stack(0x0000006054d00000,0x0000006054e00000)]
  0x00000231fcc2b3d0 JavaThread "Java indexing" daemon [_thread_blocked, id=26188, stack(0x0000006054e00000,0x0000006054f00000)]
  0x00000231fcc2b8e0 JavaThread "Worker-3" [_thread_blocked, id=24560, stack(0x0000006054f00000,0x0000006055000000)]
  0x00000231fcc2bdf0 JavaThread "Worker-4: Java indexing... " [_thread_blocked, id=16592, stack(0x0000006055000000,0x0000006055100000)]
  0x00000231fbfed790 JavaThread "Worker-5" [_thread_blocked, id=6828, stack(0x0000006055100000,0x0000006055200000)]
  0x00000231fbfec860 JavaThread "Thread-2" daemon [_thread_in_native, id=6492, stack(0x0000006055200000,0x0000006055300000)]
  0x00000231fbfeb420 JavaThread "Thread-3" daemon [_thread_in_native, id=13104, stack(0x0000006055300000,0x0000006055400000)]
  0x00000231fbfebe40 JavaThread "Thread-4" daemon [_thread_in_native, id=9792, stack(0x0000006055400000,0x0000006055500000)]
  0x00000231fbfeaa00 JavaThread "Thread-5" daemon [_thread_in_native, id=17060, stack(0x0000006055500000,0x0000006055600000)]
  0x00000231fbfec350 JavaThread "Thread-6" daemon [_thread_in_native, id=24296, stack(0x0000006055600000,0x0000006055700000)]
  0x00000231fbfe90b0 JavaThread "Thread-7" daemon [_thread_in_native, id=17624, stack(0x0000006055700000,0x0000006055800000)]
  0x00000231fbfe9ad0 JavaThread "Thread-8" daemon [_thread_in_native, id=28100, stack(0x0000006055800000,0x0000006055900000)]
  0x00000231fbfecd70 JavaThread "Thread-9" daemon [_thread_in_native, id=21456, stack(0x0000006055900000,0x0000006055a00000)]
  0x00000231fbfef0e0 JavaThread "Thread-10" daemon [_thread_in_native, id=7636, stack(0x0000006055a00000,0x0000006055b00000)]
  0x00000231fbfe8ba0 JavaThread "pool-2-thread-1" [_thread_blocked, id=21460, stack(0x0000006055b00000,0x0000006055c00000)]
  0x00000231fbfee6c0 JavaThread "WorkspaceEventsHandler" [_thread_blocked, id=27260, stack(0x0000006055c00000,0x0000006055d00000)]
  0x00000231fbfed280 JavaThread "pool-1-thread-1" [_thread_blocked, id=2780, stack(0x0000006055d00000,0x0000006055e00000)]
  0x00000231fbfedca0 JavaThread "Worker-6" [_thread_blocked, id=1316, stack(0x0000006055e00000,0x0000006055f00000)]
  0x00000231fbfeebd0 JavaThread "Worker-7: Initialize Workspace" [_thread_blocked, id=12576, stack(0x0000006055f00000,0x0000006056000000)]
  0x00000231fbfeaf10 JavaThread "LocalFile Deleter" daemon [_thread_blocked, id=9672, stack(0x0000006054800000,0x0000006054900000)]
  0x00000231fbfe8180 JavaThread "LocalFile Deleter" daemon [_thread_blocked, id=30556, stack(0x0000006056000000,0x0000006056100000)]
  0x00000231fbfe8690 JavaThread "LocalFile Deleter" daemon [_thread_blocked, id=26448, stack(0x0000006056100000,0x0000006056200000)]
  0x00000231fbfee1b0 JavaThread "LocalFile Deleter" daemon [_thread_blocked, id=28360, stack(0x0000006056200000,0x0000006056300000)]
  0x00000231fbfe95c0 JavaThread "LocalFile Deleter" daemon [_thread_blocked, id=29100, stack(0x0000006056300000,0x0000006056400000)]
  0x00000231fbfe9fe0 JavaThread "LocalFile Deleter" daemon [_thread_blocked, id=27408, stack(0x0000006056400000,0x0000006056500000)]
  0x00000231fbfea4f0 JavaThread "LocalFile Deleter" daemon [_thread_blocked, id=21768, stack(0x0000006056500000,0x0000006056600000)]
  0x00000231fcc2dc50 JavaThread "LocalFile Deleter" daemon [_thread_blocked, id=26960, stack(0x0000006056600000,0x0000006056700000)]
  0x00000231fbfe7c70 JavaThread "Compiler Source File Reader" daemon [_thread_blocked, id=17460, stack(0x0000006056700000,0x0000006056800000)]
  0x00000231ff744c00 JavaThread "Compiler Source File Reader" daemon [_thread_blocked, id=17216, stack(0x0000006056800000,0x0000006056900000)]
  0x00000231ff746f70 JavaThread "Compiler Source File Reader" daemon [_thread_blocked, id=29780, stack(0x0000006056900000,0x0000006056a00000)]
  0x00000231ff742da0 JavaThread "Compiler Source File Reader" daemon [_thread_blocked, id=29084, stack(0x0000006056a00000,0x0000006056b00000)]
  0x00000231ff745b30 JavaThread "Compiler Source File Reader" daemon [_thread_blocked, id=2440, stack(0x0000006056b00000,0x0000006056c00000)]
  0x00000231ff746040 JavaThread "Compiler Source File Reader" daemon [_thread_blocked, id=10612, stack(0x0000006056c00000,0x0000006056d00000)]
  0x00000231ff740010 JavaThread "Compiler Processing Task" daemon [_thread_blocked, id=13024, stack(0x0000006056d00000,0x0000006056e00000)]
  0x00000231ff747990 JavaThread "Compiler Class File Writer" daemon [_thread_blocked, id=1180, stack(0x0000006056e00000,0x0000006056f00000)]
  0x00000231ff742890 JavaThread "Compiler Class File Writer" daemon [_thread_blocked, id=20064, stack(0x0000006056f00000,0x0000006057000000)]
  0x00000231ff740a30 JavaThread "Compiler Class File Writer" daemon [_thread_blocked, id=9324, stack(0x0000006057000000,0x0000006057100000)]
  0x00000231ff740520 JavaThread "Compiler Class File Writer" daemon [_thread_blocked, id=15928, stack(0x0000006057100000,0x0000006057200000)]
  0x00000231ff745110 JavaThread "Compiler Class File Writer" daemon [_thread_blocked, id=25488, stack(0x0000006057200000,0x0000006057300000)]
  0x00000231ff7432b0 JavaThread "Compiler Class File Writer" daemon [_thread_blocked, id=1776, stack(0x0000006057300000,0x0000006057400000)]
  0x00000231ff3028d0 JavaThread "Timer-0" [_thread_blocked, id=26640, stack(0x0000006054c00000,0x0000006054d00000)]
  0x00000231ff303d10 JavaThread "Exec process" [_thread_blocked, id=20508, stack(0x0000006057700000,0x0000006057800000)]
  0x00000231ff305b70 JavaThread "Exec process Thread 2" [_thread_blocked, id=18268, stack(0x0000006057800000,0x0000006057900000)]
  0x00000231ff300f80 JavaThread "Exec process Thread 3" [_thread_blocked, id=8496, stack(0x0000006057900000,0x0000006057a00000)]
  0x00000231ff306aa0 JavaThread "Timer-1" [_thread_blocked, id=12428, stack(0x0000006057a00000,0x0000006057b00000)]

Other Threads:
  0x00000231dfc9ec70 VMThread "VM Thread" [stack: 0x0000006052c00000,0x0000006052d00000] [id=25532]
  0x00000231fae316a0 WatcherThread [stack: 0x0000006053900000,0x0000006053a00000] [id=27128]
  0x00000231dfc0af20 GCTaskThread "GC Thread#0" [stack: 0x0000006052b00000,0x0000006052c00000] [id=7148]
  0x00000231fc04d040 GCTaskThread "GC Thread#1" [stack: 0x0000006053b00000,0x0000006053c00000] [id=22144]
  0x00000231fc39e940 GCTaskThread "GC Thread#2" [stack: 0x0000006053c00000,0x0000006053d00000] [id=3912]
  0x00000231fc39ec00 GCTaskThread "GC Thread#3" [stack: 0x0000006053d00000,0x0000006053e00000] [id=7916]
  0x00000231fc3ad0f0 GCTaskThread "GC Thread#4" [stack: 0x0000006053e00000,0x0000006053f00000] [id=23028]
  0x00000231fc3ad3b0 GCTaskThread "GC Thread#5" [stack: 0x0000006053f00000,0x0000006054000000] [id=6232]
  0x00000231fc3ad670 GCTaskThread "GC Thread#6" [stack: 0x0000006054000000,0x0000006054100000] [id=17224]
  0x00000231fc5e8c10 GCTaskThread "GC Thread#7" [stack: 0x0000006054500000,0x0000006054600000] [id=26740]

Threads with active compile tasks:
C2 CompilerThread0    53870 14683       4       org.eclipse.jdt.internal.core.search.indexing.BinaryIndexer::addBinaryStandardAnnotations (238 bytes)
C1 CompilerThread0    53870 14694       3       org.eclipse.jdt.internal.compiler.util.Util::scanTypeArgumentSignatures (73 bytes)

VM state: at safepoint (normal execution)

VM Mutex/Monitor currently owned by a thread:  ([mutex/lock_event])
[0x00000231dfbf19a0] Threads_lock - owner thread: 0x00000231dfc9ec70
[0x00000231dfbf0170] Heap_lock - owner thread: 0x00000231fcc2b3d0

Heap address: 0x00000000c0000000, size: 1024 MB, Compressed Oops mode: 32-bit

CDS archive(s) not mapped
Compressed class space mapped at: 0x0000000100000000-0x0000000140000000, reserved size: 1073741824
Narrow klass base: 0x0000000000000000, Narrow klass shift: 3, Narrow klass range: 0x140000000

GC Precious Log:
 CPUs: 8 total, 8 available
 Memory: 8072M
 Large Page Support: Disabled
 NUMA Support: Disabled
 Compressed Oops: Enabled (32-bit)
 Alignments: Space 512K, Generation 512K, Heap 2M
 Heap Min Capacity: 100M
 Heap Initial Capacity: 100M
 Heap Max Capacity: 1G
 Pre-touch: Disabled
 Parallel Workers: 8

Heap:
 PSYoungGen      total 23552K, used 17408K [0x00000000eab00000, 0x00000000ecd00000, 0x0000000100000000)
  eden space 17408K, 100% used [0x00000000eab00000,0x00000000ebc00000,0x00000000ebc00000)
  from space 6144K, 0% used [0x00000000ebc00000,0x00000000ebc00000,0x00000000ec200000)
  to   space 7168K, 0% used [0x00000000ec600000,0x00000000ec600000,0x00000000ecd00000)
 ParOldGen       total 403456K, used 403058K [0x00000000c0000000, 0x00000000d8a00000, 0x00000000eab00000)
  object space 403456K, 99% used [0x00000000c0000000,0x00000000d899cb70,0x00000000d8a00000)
 Metaspace       used 81485K, committed 82816K, reserved 1179648K
  class space    used 8818K, committed 9408K, reserved 1048576K

Card table byte_map: [0x00000231f3240000,0x00000231f3450000] _byte_map_base: 0x00000231f2c40000

Marking Bits: (ParMarkBitMap*) 0x00007ff8815d6940
 Begin Bits: [0x00000231f35b0000, 0x00000231f45b0000)
 End Bits:   [0x00000231f45b0000, 0x00000231f55b0000)

Polling page: 0x00000231dfca0000

Metaspace:

Usage:
  Non-class:     70.96 MB used.
      Class:      8.61 MB used.
       Both:     79.58 MB used.

Virtual space:
  Non-class space:      128.00 MB reserved,      71.69 MB ( 56%) committed,  2 nodes.
      Class space:        1.00 GB reserved,       9.19 MB ( <1%) committed,  1 nodes.
             Both:        1.12 GB reserved,      80.88 MB (  7%) committed. 

Chunk freelists:
   Non-Class:  8.37 MB
       Class:  6.75 MB
        Both:  15.12 MB

MaxMetaspaceSize: unlimited
CompressedClassSpaceSize: 1.00 GB
Initial GC threshold: 21.00 MB
Current GC threshold: 134.81 MB
CDS: off
MetaspaceReclaimPolicy: balanced
 - commit_granule_bytes: 65536.
 - commit_granule_words: 8192.
 - virtual_space_node_default_size: 8388608.
 - enlarge_chunks_in_place: 1.
 - new_chunks_are_fully_committed: 0.
 - uncommit_free_chunks: 1.
 - use_allocation_guard: 0.
 - handle_deallocations: 1.


Internal statistics:

num_allocs_failed_limit: 8.
num_arena_births: 772.
num_arena_deaths: 34.
num_vsnodes_births: 3.
num_vsnodes_deaths: 0.
num_space_committed: 1294.
num_space_uncommitted: 0.
num_chunks_returned_to_freelist: 52.
num_chunks_taken_from_freelist: 4009.
num_chunk_merges: 15.
num_chunk_splits: 2485.
num_chunks_enlarged: 1465.
num_inconsistent_stats: 0.

CodeHeap 'non-profiled nmethods': size=120000Kb used=9404Kb max_used=9404Kb free=110595Kb
 bounds [0x00000231ebb30000, 0x00000231ec460000, 0x00000231f3060000]
CodeHeap 'profiled nmethods': size=120000Kb used=25032Kb max_used=25279Kb free=94967Kb
 bounds [0x00000231e4060000, 0x00000231e5920000, 0x00000231eb590000]
CodeHeap 'non-nmethods': size=5760Kb used=1401Kb max_used=1528Kb free=4358Kb
 bounds [0x00000231eb590000, 0x00000231eb800000, 0x00000231ebb30000]
 total_blobs=12117 nmethods=11365 adapters=663
 compilation: enabled
              stopped_count=0, restarted_count=0
 full_count=0

Compilation events (20 events):
Event: 52.198 Thread 0x00000231fab20770 nmethod 14675 0x00000231e547e090 code [0x00000231e547e240, 0x00000231e547e408]
Event: 52.198 Thread 0x00000231fab20770 14667       1       java.security.spec.ECParameterSpec::getCurve (5 bytes)
Event: 52.198 Thread 0x00000231fab20770 nmethod 14667 0x00000231ec45d510 code [0x00000231ec45d6a0, 0x00000231ec45d778]
Event: 52.198 Thread 0x00000231fab20770 14671       3       java.util.List::copyOf (5 bytes)
Event: 52.198 Thread 0x00000231fab20770 nmethod 14671 0x00000231e547dd10 code [0x00000231e547dea0, 0x00000231e547dfa8]
Event: 52.199 Thread 0x00000231fab20770 14676       3       sun.security.util.math.intpoly.IntegerPolynomial$MutableElement::fixed (26 bytes)
Event: 52.199 Thread 0x00000231fab20770 nmethod 14676 0x00000231e547d510 code [0x00000231e547d6e0, 0x00000231e547db88]
Event: 52.201 Thread 0x00000231fab1fab0 14677       4       java.math.BigInteger::testBit (38 bytes)
Event: 52.203 Thread 0x00000231fab1fab0 nmethod 14677 0x00000231ec45d810 code [0x00000231ec45d9a0, 0x00000231ec45daf8]
Event: 52.223 Thread 0x00000231fab20770 14678       3       java.nio.ByteBuffer::<init> (47 bytes)
Event: 52.223 Thread 0x00000231fab20770 nmethod 14678 0x00000231e547d090 code [0x00000231e547d240, 0x00000231e547d428]
Event: 52.224 Thread 0x00000231fab20770 14679       3       com.sun.crypto.provider.AESCrypt::implEncryptBlock (953 bytes)
Event: 52.225 Thread 0x00000231fab20770 nmethod 14679 0x00000231e547ba10 code [0x00000231e547bc40, 0x00000231e547c998]
Event: 52.225 Thread 0x00000231fab20770 14680       3       sun.nio.cs.StreamEncoder::ensureOpen (18 bytes)
Event: 52.225 Thread 0x00000231fab20770 nmethod 14680 0x00000231e547b590 code [0x00000231e547b740, 0x00000231e547b948]
Event: 52.225 Thread 0x00000231fab20770 14681   !   3       java.nio.DirectByteBuffer::address (53 bytes)
Event: 52.225 Thread 0x00000231fab20770 nmethod 14681 0x00000231e547ab90 code [0x00000231e547ada0, 0x00000231e547b3a8]
Event: 52.557 Thread 0x00000231fab1fab0 14682   !   4       java.nio.file.FileTreeWalker::pop (35 bytes)
Event: 52.574 Thread 0x00000231fab1fab0 nmethod 14682 0x00000231ec45dc90 code [0x00000231ec45dea0, 0x00000231ec45e890]
Event: 52.576 Thread 0x00000231fab1fab0 14683       4       org.eclipse.jdt.internal.core.search.indexing.BinaryIndexer::addBinaryStandardAnnotations (238 bytes)

GC Heap History (20 events):
Event: 51.904 GC heap after
{Heap after GC invocations=347 (full 17):
 PSYoungGen      total 24576K, used 6656K [0x00000000eab00000, 0x00000000ecf80000, 0x0000000100000000)
  eden space 17920K, 0% used [0x00000000eab00000,0x00000000eab00000,0x00000000ebc80000)
  from space 6656K, 100% used [0x00000000ec500000,0x00000000ecb80000,0x00000000ecb80000)
  to   space 8704K, 0% used [0x00000000ebc80000,0x00000000ebc80000,0x00000000ec500000)
 ParOldGen       total 403456K, used 387007K [0x00000000c0000000, 0x00000000d8a00000, 0x00000000eab00000)
  object space 403456K, 95% used [0x00000000c0000000,0x00000000d79eff38,0x00000000d8a00000)
 Metaspace       used 81450K, committed 82624K, reserved 1179648K
  class space    used 8815K, committed 9344K, reserved 1048576K
}
Event: 51.958 GC heap before
{Heap before GC invocations=348 (full 17):
 PSYoungGen      total 24576K, used 24576K [0x00000000eab00000, 0x00000000ecf80000, 0x0000000100000000)
  eden space 17920K, 100% used [0x00000000eab00000,0x00000000ebc80000,0x00000000ebc80000)
  from space 6656K, 100% used [0x00000000ec500000,0x00000000ecb80000,0x00000000ecb80000)
  to   space 8704K, 0% used [0x00000000ebc80000,0x00000000ebc80000,0x00000000ec500000)
 ParOldGen       total 403456K, used 387007K [0x00000000c0000000, 0x00000000d8a00000, 0x00000000eab00000)
  object space 403456K, 95% used [0x00000000c0000000,0x00000000d79eff38,0x00000000d8a00000)
 Metaspace       used 81450K, committed 82624K, reserved 1179648K
  class space    used 8815K, committed 9344K, reserved 1048576K
}
Event: 51.964 GC heap after
{Heap after GC invocations=348 (full 17):
 PSYoungGen      total 24576K, used 6368K [0x00000000eab00000, 0x00000000eca80000, 0x0000000100000000)
  eden space 17920K, 0% used [0x00000000eab00000,0x00000000eab00000,0x00000000ebc80000)
  from space 6656K, 95% used [0x00000000ebc80000,0x00000000ec2b8000,0x00000000ec300000)
  to   space 7168K, 0% used [0x00000000ec380000,0x00000000ec380000,0x00000000eca80000)
 ParOldGen       total 403456K, used 389564K [0x00000000c0000000, 0x00000000d8a00000, 0x00000000eab00000)
  object space 403456K, 96% used [0x00000000c0000000,0x00000000d7c6f140,0x00000000d8a00000)
 Metaspace       used 81450K, committed 82624K, reserved 1179648K
  class space    used 8815K, committed 9344K, reserved 1048576K
}
Event: 52.017 GC heap before
{Heap before GC invocations=349 (full 17):
 PSYoungGen      total 24576K, used 24288K [0x00000000eab00000, 0x00000000eca80000, 0x0000000100000000)
  eden space 17920K, 100% used [0x00000000eab00000,0x00000000ebc80000,0x00000000ebc80000)
  from space 6656K, 95% used [0x00000000ebc80000,0x00000000ec2b8000,0x00000000ec300000)
  to   space 7168K, 0% used [0x00000000ec380000,0x00000000ec380000,0x00000000eca80000)
 ParOldGen       total 403456K, used 389564K [0x00000000c0000000, 0x00000000d8a00000, 0x00000000eab00000)
  object space 403456K, 96% used [0x00000000c0000000,0x00000000d7c6f140,0x00000000d8a00000)
 Metaspace       used 81450K, committed 82624K, reserved 1179648K
  class space    used 8815K, committed 9344K, reserved 1048576K
}
Event: 52.021 GC heap after
{Heap after GC invocations=349 (full 17):
 PSYoungGen      total 23552K, used 7168K [0x00000000eab00000, 0x00000000ecd80000, 0x0000000100000000)
  eden space 16384K, 0% used [0x00000000eab00000,0x00000000eab00000,0x00000000ebb00000)
  from space 7168K, 100% used [0x00000000ec380000,0x00000000eca80000,0x00000000eca80000)
  to   space 8704K, 0% used [0x00000000ebb00000,0x00000000ebb00000,0x00000000ec380000)
 ParOldGen       total 403456K, used 390668K [0x00000000c0000000, 0x00000000d8a00000, 0x00000000eab00000)
  object space 403456K, 96% used [0x00000000c0000000,0x00000000d7d83140,0x00000000d8a00000)
 Metaspace       used 81450K, committed 82624K, reserved 1179648K
  class space    used 8815K, committed 9344K, reserved 1048576K
}
Event: 52.065 GC heap before
{Heap before GC invocations=350 (full 17):
 PSYoungGen      total 23552K, used 23552K [0x00000000eab00000, 0x00000000ecd80000, 0x0000000100000000)
  eden space 16384K, 100% used [0x00000000eab00000,0x00000000ebb00000,0x00000000ebb00000)
  from space 7168K, 100% used [0x00000000ec380000,0x00000000eca80000,0x00000000eca80000)
  to   space 8704K, 0% used [0x00000000ebb00000,0x00000000ebb00000,0x00000000ec380000)
 ParOldGen       total 403456K, used 390668K [0x00000000c0000000, 0x00000000d8a00000, 0x00000000eab00000)
  object space 403456K, 96% used [0x00000000c0000000,0x00000000d7d83140,0x00000000d8a00000)
 Metaspace       used 81450K, committed 82624K, reserved 1179648K
  class space    used 8815K, committed 9344K, reserved 1048576K
}
Event: 52.070 GC heap after
{Heap after GC invocations=350 (full 17):
 PSYoungGen      total 23040K, used 6496K [0x00000000eab00000, 0x00000000ec900000, 0x0000000100000000)
  eden space 16384K, 0% used [0x00000000eab00000,0x00000000eab00000,0x00000000ebb00000)
  from space 6656K, 97% used [0x00000000ebb00000,0x00000000ec158010,0x00000000ec180000)
  to   space 7168K, 0% used [0x00000000ec200000,0x00000000ec200000,0x00000000ec900000)
 ParOldGen       total 403456K, used 393900K [0x00000000c0000000, 0x00000000d8a00000, 0x00000000eab00000)
  object space 403456K, 97% used [0x00000000c0000000,0x00000000d80ab140,0x00000000d8a00000)
 Metaspace       used 81450K, committed 82624K, reserved 1179648K
  class space    used 8815K, committed 9344K, reserved 1048576K
}
Event: 52.114 GC heap before
{Heap before GC invocations=351 (full 17):
 PSYoungGen      total 23040K, used 22880K [0x00000000eab00000, 0x00000000ec900000, 0x0000000100000000)
  eden space 16384K, 100% used [0x00000000eab00000,0x00000000ebb00000,0x00000000ebb00000)
  from space 6656K, 97% used [0x00000000ebb00000,0x00000000ec158010,0x00000000ec180000)
  to   space 7168K, 0% used [0x00000000ec200000,0x00000000ec200000,0x00000000ec900000)
 ParOldGen       total 403456K, used 393900K [0x00000000c0000000, 0x00000000d8a00000, 0x00000000eab00000)
  object space 403456K, 97% used [0x00000000c0000000,0x00000000d80ab140,0x00000000d8a00000)
 Metaspace       used 81468K, committed 82688K, reserved 1179648K
  class space    used 8816K, committed 9344K, reserved 1048576K
}
Event: 52.119 GC heap after
{Heap after GC invocations=351 (full 17):
 PSYoungGen      total 22016K, used 7136K [0x00000000eab00000, 0x00000000ecc00000, 0x0000000100000000)
  eden space 14848K, 0% used [0x00000000eab00000,0x00000000eab00000,0x00000000eb980000)
  from space 7168K, 99% used [0x00000000ec200000,0x00000000ec8f8010,0x00000000ec900000)
  to   space 8704K, 0% used [0x00000000eb980000,0x00000000eb980000,0x00000000ec200000)
 ParOldGen       total 403456K, used 394732K [0x00000000c0000000, 0x00000000d8a00000, 0x00000000eab00000)
  object space 403456K, 97% used [0x00000000c0000000,0x00000000d817b140,0x00000000d8a00000)
 Metaspace       used 81468K, committed 82688K, reserved 1179648K
  class space    used 8816K, committed 9344K, reserved 1048576K
}
Event: 52.167 GC heap before
{Heap before GC invocations=352 (full 17):
 PSYoungGen      total 22016K, used 21984K [0x00000000eab00000, 0x00000000ecc00000, 0x0000000100000000)
  eden space 14848K, 100% used [0x00000000eab00000,0x00000000eb980000,0x00000000eb980000)
  from space 7168K, 99% used [0x00000000ec200000,0x00000000ec8f8010,0x00000000ec900000)
  to   space 8704K, 0% used [0x00000000eb980000,0x00000000eb980000,0x00000000ec200000)
 ParOldGen       total 403456K, used 394732K [0x00000000c0000000, 0x00000000d8a00000, 0x00000000eab00000)
  object space 403456K, 97% used [0x00000000c0000000,0x00000000d817b140,0x00000000d8a00000)
 Metaspace       used 81471K, committed 82816K, reserved 1179648K
  class space    used 8817K, committed 9408K, reserved 1048576K
}
Event: 52.174 GC heap after
{Heap after GC invocations=352 (full 17):
 PSYoungGen      total 23552K, used 5936K [0x00000000eab00000, 0x00000000ec900000, 0x0000000100000000)
  eden space 14848K, 0% used [0x00000000eab00000,0x00000000eab00000,0x00000000eb980000)
  from space 8704K, 68% used [0x00000000eb980000,0x00000000ebf4c020,0x00000000ec200000)
  to   space 7168K, 0% used [0x00000000ec200000,0x00000000ec200000,0x00000000ec900000)
 ParOldGen       total 403456K, used 398132K [0x00000000c0000000, 0x00000000d8a00000, 0x00000000eab00000)
  object space 403456K, 98% used [0x00000000c0000000,0x00000000d84cd140,0x00000000d8a00000)
 Metaspace       used 81471K, committed 82816K, reserved 1179648K
  class space    used 8817K, committed 9408K, reserved 1048576K
}
Event: 52.208 GC heap before
{Heap before GC invocations=353 (full 17):
 PSYoungGen      total 23552K, used 20784K [0x00000000eab00000, 0x00000000ec900000, 0x0000000100000000)
  eden space 14848K, 100% used [0x00000000eab00000,0x00000000eb980000,0x00000000eb980000)
  from space 8704K, 68% used [0x00000000eb980000,0x00000000ebf4c020,0x00000000ec200000)
  to   space 7168K, 0% used [0x00000000ec200000,0x00000000ec200000,0x00000000ec900000)
 ParOldGen       total 403456K, used 398132K [0x00000000c0000000, 0x00000000d8a00000, 0x00000000eab00000)
  object space 403456K, 98% used [0x00000000c0000000,0x00000000d84cd140,0x00000000d8a00000)
 Metaspace       used 81474K, committed 82816K, reserved 1179648K
  class space    used 8817K, committed 9408K, reserved 1048576K
}
Event: 52.213 GC heap after
{Heap after GC invocations=353 (full 17):
 PSYoungGen      total 22528K, used 5952K [0x00000000eab00000, 0x00000000ec800000, 0x0000000100000000)
  eden space 16384K, 0% used [0x00000000eab00000,0x00000000eab00000,0x00000000ebb00000)
  from space 6144K, 96% used [0x00000000ec200000,0x00000000ec7d0020,0x00000000ec800000)
  to   space 6144K, 0% used [0x00000000ebc00000,0x00000000ebc00000,0x00000000ec200000)
 ParOldGen       total 403456K, used 400388K [0x00000000c0000000, 0x00000000d8a00000, 0x00000000eab00000)
  object space 403456K, 99% used [0x00000000c0000000,0x00000000d8701150,0x00000000d8a00000)
 Metaspace       used 81474K, committed 82816K, reserved 1179648K
  class space    used 8817K, committed 9408K, reserved 1048576K
}
Event: 52.253 GC heap before
{Heap before GC invocations=354 (full 17):
 PSYoungGen      total 22528K, used 22336K [0x00000000eab00000, 0x00000000ec800000, 0x0000000100000000)
  eden space 16384K, 100% used [0x00000000eab00000,0x00000000ebb00000,0x00000000ebb00000)
  from space 6144K, 96% used [0x00000000ec200000,0x00000000ec7d0020,0x00000000ec800000)
  to   space 6144K, 0% used [0x00000000ebc00000,0x00000000ebc00000,0x00000000ec200000)
 ParOldGen       total 403456K, used 400388K [0x00000000c0000000, 0x00000000d8a00000, 0x00000000eab00000)
  object space 403456K, 99% used [0x00000000c0000000,0x00000000d8701150,0x00000000d8a00000)
 Metaspace       used 81476K, committed 82816K, reserved 1179648K
  class space    used 8817K, committed 9408K, reserved 1048576K
}
Event: 52.258 GC heap after
{Heap after GC invocations=354 (full 17):
 PSYoungGen      total 23552K, used 6128K [0x00000000eab00000, 0x00000000ecd00000, 0x0000000100000000)
  eden space 17408K, 0% used [0x00000000eab00000,0x00000000eab00000,0x00000000ebc00000)
  from space 6144K, 99% used [0x00000000ebc00000,0x00000000ec1fc010,0x00000000ec200000)
  to   space 8192K, 0% used [0x00000000ec500000,0x00000000ec500000,0x00000000ecd00000)
 ParOldGen       total 403456K, used 402004K [0x00000000c0000000, 0x00000000d8a00000, 0x00000000eab00000)
  object space 403456K, 99% used [0x00000000c0000000,0x00000000d8895150,0x00000000d8a00000)
 Metaspace       used 81476K, committed 82816K, reserved 1179648K
  class space    used 8817K, committed 9408K, reserved 1048576K
}
Event: 52.301 GC heap before
{Heap before GC invocations=355 (full 18):
 PSYoungGen      total 23552K, used 23536K [0x00000000eab00000, 0x00000000ecd00000, 0x0000000100000000)
  eden space 17408K, 100% used [0x00000000eab00000,0x00000000ebc00000,0x00000000ebc00000)
  from space 6144K, 99% used [0x00000000ebc00000,0x00000000ec1fc010,0x00000000ec200000)
  to   space 8192K, 0% used [0x00000000ec500000,0x00000000ec500000,0x00000000ecd00000)
 ParOldGen       total 403456K, used 402004K [0x00000000c0000000, 0x00000000d8a00000, 0x00000000eab00000)
  object space 403456K, 99% used [0x00000000c0000000,0x00000000d8895150,0x00000000d8a00000)
 Metaspace       used 81476K, committed 82816K, reserved 1179648K
  class space    used 8817K, committed 9408K, reserved 1048576K
}
Event: 52.550 GC heap after
{Heap after GC invocations=355 (full 18):
 PSYoungGen      total 23552K, used 982K [0x00000000eab00000, 0x00000000ece00000, 0x0000000100000000)
  eden space 17408K, 0% used [0x00000000eab00000,0x00000000eab00000,0x00000000ebc00000)
  from space 6144K, 15% used [0x00000000ebc00000,0x00000000ebcf59e8,0x00000000ec200000)
  to   space 8192K, 0% used [0x00000000ec600000,0x00000000ec600000,0x00000000ece00000)
 ParOldGen       total 403456K, used 403079K [0x00000000c0000000, 0x00000000d8a00000, 0x00000000eab00000)
  object space 403456K, 99% used [0x00000000c0000000,0x00000000d89a1d40,0x00000000d8a00000)
 Metaspace       used 81476K, committed 82816K, reserved 1179648K
  class space    used 8817K, committed 9408K, reserved 1048576K
}
Event: 52.617 GC heap before
{Heap before GC invocations=356 (full 19):
 PSYoungGen      total 23552K, used 18390K [0x00000000eab00000, 0x00000000ece00000, 0x0000000100000000)
  eden space 17408K, 100% used [0x00000000eab00000,0x00000000ebc00000,0x00000000ebc00000)
  from space 6144K, 15% used [0x00000000ebc00000,0x00000000ebcf59e8,0x00000000ec200000)
  to   space 8192K, 0% used [0x00000000ec600000,0x00000000ec600000,0x00000000ece00000)
 ParOldGen       total 403456K, used 403079K [0x00000000c0000000, 0x00000000d8a00000, 0x00000000eab00000)
  object space 403456K, 99% used [0x00000000c0000000,0x00000000d89a1d40,0x00000000d8a00000)
 Metaspace       used 81476K, committed 82816K, reserved 1179648K
  class space    used 8817K, committed 9408K, reserved 1048576K
}
Event: 52.994 GC heap after
{Heap after GC invocations=356 (full 19):
 PSYoungGen      total 24576K, used 1521K [0x00000000eab00000, 0x00000000ecd00000, 0x0000000100000000)
  eden space 17408K, 8% used [0x00000000eab00000,0x00000000eac7c5c8,0x00000000ebc00000)
  from space 7168K, 0% used [0x00000000ec600000,0x00000000ec600000,0x00000000ecd00000)
  to   space 6144K, 0% used [0x00000000ebc00000,0x00000000ebc00000,0x00000000ec200000)
 ParOldGen       total 403456K, used 403436K [0x00000000c0000000, 0x00000000d8a00000, 0x00000000eab00000)
  object space 403456K, 99% used [0x00000000c0000000,0x00000000d89fb3d8,0x00000000d8a00000)
 Metaspace       used 81476K, committed 82816K, reserved 1179648K
  class space    used 8817K, committed 9408K, reserved 1048576K
}
Event: 53.063 GC heap before
{Heap before GC invocations=357 (full 20):
 PSYoungGen      total 24576K, used 14045K [0x00000000eab00000, 0x00000000ecd00000, 0x0000000100000000)
  eden space 17408K, 80% used [0x00000000eab00000,0x00000000eb8b7778,0x00000000ebc00000)
  from space 7168K, 0% used [0x00000000ec600000,0x00000000ec600000,0x00000000ecd00000)
  to   space 6144K, 0% used [0x00000000ebc00000,0x00000000ebc00000,0x00000000ec200000)
 ParOldGen       total 403456K, used 403436K [0x00000000c0000000, 0x00000000d8a00000, 0x00000000eab00000)
  object space 403456K, 99% used [0x00000000c0000000,0x00000000d89fb3d8,0x00000000d8a00000)
 Metaspace       used 81476K, committed 82816K, reserved 1179648K
  class space    used 8817K, committed 9408K, reserved 1048576K
}

Dll operation events (15 events):
Event: 0.016 Loaded shared library c:\Users\rizdi\.vscode\extensions\redhat.java-1.38.0-win32-x64\jre\17.0.13-win32-x86_64\bin\java.dll
Event: 0.282 Loaded shared library c:\Users\rizdi\.vscode\extensions\redhat.java-1.38.0-win32-x64\jre\17.0.13-win32-x86_64\bin\zip.dll
Event: 0.288 Loaded shared library C:\Users\rizdi\.vscode\extensions\redhat.java-1.38.0-win32-x64\jre\17.0.13-win32-x86_64\bin\instrument.dll
Event: 0.307 Loaded shared library C:\Users\rizdi\.vscode\extensions\redhat.java-1.38.0-win32-x64\jre\17.0.13-win32-x86_64\bin\net.dll
Event: 0.309 Loaded shared library C:\Users\rizdi\.vscode\extensions\redhat.java-1.38.0-win32-x64\jre\17.0.13-win32-x86_64\bin\nio.dll
Event: 0.322 Loaded shared library C:\Users\rizdi\.vscode\extensions\redhat.java-1.38.0-win32-x64\jre\17.0.13-win32-x86_64\bin\zip.dll
Event: 0.347 Loaded shared library C:\Users\rizdi\.vscode\extensions\redhat.java-1.38.0-win32-x64\jre\17.0.13-win32-x86_64\bin\jimage.dll
Event: 0.456 Loaded shared library c:\Users\rizdi\.vscode\extensions\redhat.java-1.38.0-win32-x64\jre\17.0.13-win32-x86_64\bin\verify.dll
Event: 2.129 Loaded shared library C:\Users\rizdi\AppData\Roaming\Code\User\globalStorage\redhat.java\1.38.0\config_win\org.eclipse.equinox.launcher\org.eclipse.equinox.launcher.win32.win32.x86_64_1.2.1100.v20240722-2106\eclipse_11904.dll
Event: 4.299 Loaded shared library C:\Users\rizdi\AppData\Local\Temp\jna-108529896\jna15052001627256021177.dll
Event: 47.249 Loaded shared library C:\Users\rizdi\.gradle\native\c067742578af261105cb4f569cf0c3c89f3d7b1fecec35dd04571415982c5e48\windows-amd64\native-platform.dll
Event: 49.287 Loaded shared library C:\Users\rizdi\.vscode\extensions\redhat.java-1.38.0-win32-x64\jre\17.0.13-win32-x86_64\bin\management.dll
Event: 49.292 Loaded shared library C:\Users\rizdi\.vscode\extensions\redhat.java-1.38.0-win32-x64\jre\17.0.13-win32-x86_64\bin\management_ext.dll
Event: 50.177 Loaded shared library C:\Users\rizdi\.vscode\extensions\redhat.java-1.38.0-win32-x64\jre\17.0.13-win32-x86_64\bin\sunmscapi.dll
Event: 50.444 Loaded shared library C:\Users\rizdi\.vscode\extensions\redhat.java-1.38.0-win32-x64\jre\17.0.13-win32-x86_64\bin\extnet.dll

Deoptimization events (20 events):
Event: 50.996 Thread 0x00000231fbfeebd0 DEOPT PACKING pc=0x00000231e4a82d01 sp=0x0000006055ffead0
Event: 50.996 Thread 0x00000231fbfeebd0 DEOPT UNPACKING pc=0x00000231eb5e6e43 sp=0x0000006055ffdff0 mode 0
Event: 51.006 Thread 0x00000231fbfeebd0 DEOPT PACKING pc=0x00000231e4a82d01 sp=0x0000006055ffead0
Event: 51.006 Thread 0x00000231fbfeebd0 DEOPT UNPACKING pc=0x00000231eb5e6e43 sp=0x0000006055ffdff0 mode 0
Event: 51.044 Thread 0x00000231fbfeebd0 DEOPT PACKING pc=0x00000231e4a82d01 sp=0x0000006055ffead0
Event: 51.044 Thread 0x00000231fbfeebd0 DEOPT UNPACKING pc=0x00000231eb5e6e43 sp=0x0000006055ffdff0 mode 0
Event: 51.054 Thread 0x00000231fbfeebd0 DEOPT PACKING pc=0x00000231e4a82d01 sp=0x0000006055ffead0
Event: 51.054 Thread 0x00000231fbfeebd0 DEOPT UNPACKING pc=0x00000231eb5e6e43 sp=0x0000006055ffdff0 mode 0
Event: 51.066 Thread 0x00000231fbfeebd0 DEOPT PACKING pc=0x00000231e4a82d01 sp=0x0000006055ffead0
Event: 51.066 Thread 0x00000231fbfeebd0 DEOPT UNPACKING pc=0x00000231eb5e6e43 sp=0x0000006055ffdff0 mode 0
Event: 51.076 Thread 0x00000231fbfeebd0 DEOPT PACKING pc=0x00000231e4a82d01 sp=0x0000006055ffead0
Event: 51.076 Thread 0x00000231fbfeebd0 DEOPT UNPACKING pc=0x00000231eb5e6e43 sp=0x0000006055ffdff0 mode 0
Event: 51.087 Thread 0x00000231fbfeebd0 DEOPT PACKING pc=0x00000231e4a82d01 sp=0x0000006055ffead0
Event: 51.087 Thread 0x00000231fbfeebd0 DEOPT UNPACKING pc=0x00000231eb5e6e43 sp=0x0000006055ffdff0 mode 0
Event: 51.113 Thread 0x00000231fbfeebd0 DEOPT PACKING pc=0x00000231e4a82d01 sp=0x0000006055ffead0
Event: 51.113 Thread 0x00000231fbfeebd0 DEOPT UNPACKING pc=0x00000231eb5e6e43 sp=0x0000006055ffdff0 mode 0
Event: 51.201 Thread 0x00000231fbfeebd0 DEOPT PACKING pc=0x00000231e5611d1f sp=0x0000006055ffeb00
Event: 51.201 Thread 0x00000231fbfeebd0 DEOPT UNPACKING pc=0x00000231eb5e6e43 sp=0x0000006055ffe008 mode 0
Event: 51.381 Thread 0x00000231fbfeebd0 DEOPT PACKING pc=0x00000231e5611d1f sp=0x0000006055ffeb00
Event: 51.381 Thread 0x00000231fbfeebd0 DEOPT UNPACKING pc=0x00000231eb5e6e43 sp=0x0000006055ffe008 mode 0

Classes loaded (20 events):
Event: 50.888 Loading class sun/net/www/http/Hurryable done
Event: 50.888 Loading class sun/net/www/MeteredStream
Event: 50.888 Loading class sun/net/www/MeteredStream done
Event: 50.889 Loading class sun/net/www/http/KeepAliveStream done
Event: 50.890 Loading class sun/net/www/http/KeepAliveStreamCleaner
Event: 50.890 Loading class sun/net/www/http/KeepAliveStreamCleaner done
Event: 50.893 Loading class sun/net/www/http/KeepAliveStreamCleaner$1
Event: 50.894 Loading class sun/net/www/http/KeepAliveStreamCleaner$1 done
Event: 50.894 Loading class sun/net/www/http/KeepAliveStreamCleaner$2
Event: 50.894 Loading class sun/net/www/http/KeepAliveStreamCleaner$2 done
Event: 50.894 Loading class sun/security/ssl/Alert
Event: 50.895 Loading class sun/security/ssl/Alert done
Event: 50.895 Loading class sun/security/ssl/Alert$AlertConsumer
Event: 50.895 Loading class sun/security/ssl/Alert$AlertConsumer done
Event: 50.895 Loading class sun/security/ssl/Alert$Level
Event: 50.896 Loading class sun/security/ssl/Alert$Level done
Event: 52.073 Loading class sun/net/www/http/ChunkedInputStream
Event: 52.077 Loading class sun/net/www/http/ChunkedInputStream done
Event: 52.077 Loading class sun/net/www/protocol/http/HttpURLConnection$HttpInputStream
Event: 52.078 Loading class sun/net/www/protocol/http/HttpURLConnection$HttpInputStream done

Classes unloaded (17 events):
Event: 7.442 Thread 0x00000231dfc9ec70 Unloading class 0x000000010038e000 'java/lang/invoke/LambdaForm$MH+0x000000010038e000'
Event: 7.442 Thread 0x00000231dfc9ec70 Unloading class 0x000000010038d400 'java/lang/invoke/LambdaForm$MH+0x000000010038d400'
Event: 7.442 Thread 0x00000231dfc9ec70 Unloading class 0x000000010038cc00 'java/lang/invoke/LambdaForm$MH+0x000000010038cc00'
Event: 7.442 Thread 0x00000231dfc9ec70 Unloading class 0x000000010038c400 'java/lang/invoke/LambdaForm$MH+0x000000010038c400'
Event: 7.442 Thread 0x00000231dfc9ec70 Unloading class 0x000000010038c000 'java/lang/invoke/LambdaForm$DMH+0x000000010038c000'
Event: 7.442 Thread 0x00000231dfc9ec70 Unloading class 0x0000000100383400 'java/lang/invoke/LambdaForm$MH+0x0000000100383400'
Event: 7.442 Thread 0x00000231dfc9ec70 Unloading class 0x0000000100382c00 'java/lang/invoke/LambdaForm$MH+0x0000000100382c00'
Event: 7.442 Thread 0x00000231dfc9ec70 Unloading class 0x0000000100382400 'java/lang/invoke/LambdaForm$MH+0x0000000100382400'
Event: 7.442 Thread 0x00000231dfc9ec70 Unloading class 0x0000000100381c00 'java/lang/invoke/LambdaForm$MH+0x0000000100381c00'
Event: 7.442 Thread 0x00000231dfc9ec70 Unloading class 0x0000000100381800 'java/lang/invoke/LambdaForm$MH+0x0000000100381800'
Event: 7.442 Thread 0x00000231dfc9ec70 Unloading class 0x0000000100252000 'java/lang/invoke/LambdaForm$MH+0x0000000100252000'
Event: 7.442 Thread 0x00000231dfc9ec70 Unloading class 0x0000000100251c00 'java/lang/invoke/LambdaForm$MH+0x0000000100251c00'
Event: 7.442 Thread 0x00000231dfc9ec70 Unloading class 0x0000000100251800 'java/lang/invoke/LambdaForm$MH+0x0000000100251800'
Event: 7.442 Thread 0x00000231dfc9ec70 Unloading class 0x0000000100251400 'java/lang/invoke/LambdaForm$MH+0x0000000100251400'
Event: 7.442 Thread 0x00000231dfc9ec70 Unloading class 0x0000000100251000 'java/lang/invoke/LambdaForm$BMH+0x0000000100251000'
Event: 7.442 Thread 0x00000231dfc9ec70 Unloading class 0x0000000100250c00 'java/lang/invoke/LambdaForm$DMH+0x0000000100250c00'
Event: 7.442 Thread 0x00000231dfc9ec70 Unloading class 0x000000010024c400 'java/lang/invoke/LambdaForm$DMH+0x000000010024c400'

Classes redefined (0 events):
No events

Internal exceptions (20 events):
Event: 51.426 Thread 0x00000231fbfeebd0 Exception <a 'sun/nio/fs/WindowsException'{0x00000000eb9f3e10}> (0x00000000eb9f3e10) 
thrown [s\src\hotspot\share\prims\jni.cpp, line 516]
Event: 51.430 Thread 0x00000231fbfeebd0 Exception <a 'sun/nio/fs/WindowsException'{0x00000000eba038a0}> (0x00000000eba038a0) 
thrown [s\src\hotspot\share\prims\jni.cpp, line 516]
Event: 51.431 Thread 0x00000231fbfeebd0 Exception <a 'sun/nio/fs/WindowsException'{0x00000000eba73200}> (0x00000000eba73200) 
thrown [s\src\hotspot\share\prims\jni.cpp, line 516]
Event: 51.434 Thread 0x00000231fbfeebd0 Exception <a 'sun/nio/fs/WindowsException'{0x00000000ebae39f8}> (0x00000000ebae39f8) 
thrown [s\src\hotspot\share\prims\jni.cpp, line 516]
Event: 51.436 Thread 0x00000231fbfeebd0 Exception <a 'sun/nio/fs/WindowsException'{0x00000000ebb53388}> (0x00000000ebb53388) 
thrown [s\src\hotspot\share\prims\jni.cpp, line 516]
Event: 51.438 Thread 0x00000231fbfeebd0 Exception <a 'sun/nio/fs/WindowsException'{0x00000000ebbc0fa8}> (0x00000000ebbc0fa8) 
thrown [s\src\hotspot\share\prims\jni.cpp, line 516]
Event: 51.438 Thread 0x00000231fbfeebd0 Exception <a 'sun/nio/fs/WindowsException'{0x00000000ebbd02e0}> (0x00000000ebbd02e0) 
thrown [s\src\hotspot\share\prims\jni.cpp, line 516]
Event: 51.441 Thread 0x00000231fbfeebd0 Exception <a 'sun/nio/fs/WindowsException'{0x00000000ebc3d760}> (0x00000000ebc3d760) 
thrown [s\src\hotspot\share\prims\jni.cpp, line 516]
Event: 51.444 Thread 0x00000231fbfeebd0 Exception <a 'sun/nio/fs/WindowsException'{0x00000000ebc5ba08}> (0x00000000ebc5ba08) 
thrown [s\src\hotspot\share\prims\jni.cpp, line 516]
Event: 51.445 Thread 0x00000231fbfeebd0 Exception <a 'sun/nio/fs/WindowsException'{0x00000000ebcc8ee0}> (0x00000000ebcc8ee0) 
thrown [s\src\hotspot\share\prims\jni.cpp, line 516]
Event: 51.446 Thread 0x00000231fbfeebd0 Exception <a 'sun/nio/fs/WindowsException'{0x00000000ebcd9f10}> (0x00000000ebcd9f10) 
thrown [s\src\hotspot\share\prims\jni.cpp, line 516]
Event: 51.447 Thread 0x00000231fbfeebd0 Exception <a 'sun/nio/fs/WindowsException'{0x00000000ebd47c28}> (0x00000000ebd47c28) 
thrown [s\src\hotspot\share\prims\jni.cpp, line 516]
Event: 51.448 Thread 0x00000231fbfeebd0 Exception <a 'sun/nio/fs/WindowsException'{0x00000000ebdb5510}> (0x00000000ebdb5510) 
thrown [s\src\hotspot\share\prims\jni.cpp, line 516]
Event: 51.450 Thread 0x00000231fbfeebd0 Exception <a 'sun/nio/fs/WindowsException'{0x00000000ebdc4f20}> (0x00000000ebdc4f20) 
thrown [s\src\hotspot\share\prims\jni.cpp, line 516]
Event: 51.452 Thread 0x00000231fbfeebd0 Exception <a 'sun/nio/fs/WindowsException'{0x00000000ebe32d88}> (0x00000000ebe32d88) 
thrown [s\src\hotspot\share\prims\jni.cpp, line 516]
Event: 51.454 Thread 0x00000231fbfeebd0 Exception <a 'sun/nio/fs/WindowsException'{0x00000000ebe42a80}> (0x00000000ebe42a80) 
thrown [s\src\hotspot\share\prims\jni.cpp, line 516]
Event: 51.455 Thread 0x00000231fbfeebd0 Exception <a 'sun/nio/fs/WindowsException'{0x00000000ebeb1818}> (0x00000000ebeb1818) 
thrown [s\src\hotspot\share\prims\jni.cpp, line 516]
Event: 51.458 Thread 0x00000231fbfeebd0 Exception <a 'sun/nio/fs/WindowsException'{0x00000000ebf1f630}> (0x00000000ebf1f630) 
thrown [s\src\hotspot\share\prims\jni.cpp, line 516]
Event: 51.459 Thread 0x00000231fbfeebd0 Exception <a 'sun/nio/fs/WindowsException'{0x00000000ebf2ec18}> (0x00000000ebf2ec18) 
thrown [s\src\hotspot\share\prims\jni.cpp, line 516]
Event: 51.460 Thread 0x00000231fbfeebd0 Exception <a 'sun/nio/fs/WindowsException'{0x00000000ebf3e400}> (0x00000000ebf3e400) 
thrown [s\src\hotspot\share\prims\jni.cpp, line 516]

VM Operations (20 events):
Event: 51.904 Executing VM operation: ParallelGCFailedAllocation done
Event: 51.958 Executing VM operation: ParallelGCFailedAllocation
Event: 51.964 Executing VM operation: ParallelGCFailedAllocation done
Event: 52.017 Executing VM operation: ParallelGCFailedAllocation
Event: 52.021 Executing VM operation: ParallelGCFailedAllocation done
Event: 52.065 Executing VM operation: ParallelGCFailedAllocation
Event: 52.071 Executing VM operation: ParallelGCFailedAllocation done
Event: 52.114 Executing VM operation: ParallelGCFailedAllocation
Event: 52.119 Executing VM operation: ParallelGCFailedAllocation done
Event: 52.167 Executing VM operation: ParallelGCFailedAllocation
Event: 52.174 Executing VM operation: ParallelGCFailedAllocation done
Event: 52.208 Executing VM operation: ParallelGCFailedAllocation
Event: 52.213 Executing VM operation: ParallelGCFailedAllocation done
Event: 52.253 Executing VM operation: ParallelGCFailedAllocation
Event: 52.258 Executing VM operation: ParallelGCFailedAllocation done
Event: 52.301 Executing VM operation: ParallelGCFailedAllocation
Event: 52.551 Executing VM operation: ParallelGCFailedAllocation done
Event: 52.617 Executing VM operation: ParallelGCFailedAllocation
Event: 52.994 Executing VM operation: ParallelGCFailedAllocation done
Event: 53.063 Executing VM operation: ParallelGCFailedAllocation

Memory protections (0 events):
No events

Nmethod flushes (20 events):
Event: 50.498 Thread 0x00000231fab2ac90 flushing  nmethod 0x00000231ec39a810
Event: 50.498 Thread 0x00000231fab2ac90 flushing  nmethod 0x00000231ec3aa990
Event: 50.499 Thread 0x00000231fab2ac90 flushing  nmethod 0x00000231e411e810
Event: 50.499 Thread 0x00000231fab2ac90 flushing  nmethod 0x00000231e411f110
Event: 50.499 Thread 0x00000231fab2ac90 flushing  nmethod 0x00000231e411fc90
Event: 50.499 Thread 0x00000231fab2ac90 flushing  nmethod 0x00000231e4189790
Event: 50.499 Thread 0x00000231fab2ac90 flushing  nmethod 0x00000231e41b0490
Event: 50.501 Thread 0x00000231fab2ac90 flushing  nmethod 0x00000231e4411710
Event: 50.501 Thread 0x00000231fab2ac90 flushing  nmethod 0x00000231e445ae10
Event: 50.501 Thread 0x00000231fab2ac90 flushing  nmethod 0x00000231e446b990
Event: 50.502 Thread 0x00000231fab2ac90 flushing  nmethod 0x00000231e4596b90
Event: 50.504 Thread 0x00000231fab2ac90 flushing  nmethod 0x00000231e47e9990
Event: 50.505 Thread 0x00000231fab2ac90 flushing  nmethod 0x00000231e49ffe90
Event: 50.509 Thread 0x00000231fab2ac90 flushing  nmethod 0x00000231e4d49c10
Event: 50.509 Thread 0x00000231fab2ac90 flushing  nmethod 0x00000231e4e1e690
Event: 50.509 Thread 0x00000231fab2ac90 flushing  nmethod 0x00000231e4e1fa10
Event: 50.509 Thread 0x00000231fab2ac90 flushing  nmethod 0x00000231e4e21890
Event: 50.521 Thread 0x00000231fab2ac90 flushing  nmethod 0x00000231e504e910
Event: 50.522 Thread 0x00000231fab2ac90 flushing  nmethod 0x00000231e51d5610
Event: 50.525 Thread 0x00000231fab2ac90 flushing  nmethod 0x00000231e5488310

Events (20 events):
Event: 49.891 Thread 0x00000231ff302de0 Thread added: 0x00000231ff303d10
Event: 49.927 Thread 0x00000231ff303d10 Thread added: 0x00000231ff305b70
Event: 49.927 Thread 0x00000231ff303d10 Thread added: 0x00000231ff300f80
Event: 50.074 Thread 0x00000231fe8b8590 Thread exited: 0x00000231fe8b8590
Event: 50.097 Thread 0x00000231ff302de0 Thread exited: 0x00000231ff302de0
Event: 50.112 Thread 0x00000231fab20770 Thread added: 0x00000231fe8b65b0
Event: 50.805 Thread 0x00000231fbfeebd0 Thread added: 0x00000231ff306aa0
Event: 50.807 Thread 0x00000231fbfeebd0 Thread added: 0x00000231ff304220
Event: 50.826 Thread 0x00000231ff304220 Thread exited: 0x00000231ff304220
Event: 50.842 Thread 0x00000231fcc2b8e0 Thread added: 0x00000231ff3074c0
Event: 50.843 Thread 0x00000231ff3074c0 Thread exited: 0x00000231ff3074c0
Event: 51.029 Thread 0x00000231fcc2b8e0 Thread added: 0x00000231ff306080
Event: 51.029 Thread 0x00000231ff306080 Thread exited: 0x00000231ff306080
Event: 52.045 Thread 0x00000231fe8b65b0 Thread exited: 0x00000231fe8b65b0
Event: 52.105 Thread 0x00000231fab20770 Thread added: 0x00000231fe8b25f0
Event: 52.137 Thread 0x00000231fcc2b8e0 Thread added: 0x00000231ff3032f0
Event: 52.137 Thread 0x00000231ff3032f0 Thread exited: 0x00000231ff3032f0
Event: 52.224 Thread 0x00000231fcc2b8e0 Thread added: 0x00000231ff304220
Event: 52.224 Thread 0x00000231ff304220 Thread exited: 0x00000231ff304220
Event: 52.557 Thread 0x00000231fe8b25f0 Thread exited: 0x00000231fe8b25f0


Dynamic libraries:
0x00007ff737b60000 - 0x00007ff737b6e000 	c:\Users\rizdi\.vscode\extensions\redhat.java-1.38.0-win32-x64\jre\17.0.13-win32-x86_64\bin\java.exe
0x00007ff9043b0000 - 0x00007ff9045c7000 	C:\WINDOWS\SYSTEM32\ntdll.dll
0x00007ff902e40000 - 0x00007ff902f04000 	C:\WINDOWS\System32\KERNEL32.DLL
0x00007ff901bd0000 - 0x00007ff901f8a000 	C:\WINDOWS\System32\KERNELBASE.dll
0x00007ff901f90000 - 0x00007ff9020a1000 	C:\WINDOWS\System32\ucrtbase.dll
0x00007ff8f2b50000 - 0x00007ff8f2b67000 	c:\Users\rizdi\.vscode\extensions\redhat.java-1.38.0-win32-x64\jre\17.0.13-win32-x86_64\bin\jli.dll
0x00007ff8f1c30000 - 0x00007ff8f1c4e000 	c:\Users\rizdi\.vscode\extensions\redhat.java-1.38.0-win32-x64\jre\17.0.13-win32-x86_64\bin\VCRUNTIME140.dll
0x00007ff9029f0000 - 0x00007ff902b9e000 	C:\WINDOWS\System32\USER32.dll
0x00007ff901970000 - 0x00007ff901996000 	C:\WINDOWS\System32\win32u.dll
0x00007ff8e9780000 - 0x00007ff8e9a12000 	C:\WINDOWS\WinSxS\amd64_microsoft.windows.common-controls_6595b64144ccf1df_6.0.22621.4541_none_2710d1c57384c085\COMCTL32.dll
0x00007ff902e10000 - 0x00007ff902e39000 	C:\WINDOWS\System32\GDI32.dll
0x00007ff903590000 - 0x00007ff903637000 	C:\WINDOWS\System32\msvcrt.dll
0x00007ff901700000 - 0x00007ff90181b000 	C:\WINDOWS\System32\gdi32full.dll
0x00007ff901850000 - 0x00007ff9018ea000 	C:\WINDOWS\System32\msvcp_win.dll
0x00007ff902f10000 - 0x00007ff902f41000 	C:\WINDOWS\System32\IMM32.DLL
0x00007ff8fe140000 - 0x00007ff8fe14c000 	c:\Users\rizdi\.vscode\extensions\redhat.java-1.38.0-win32-x64\jre\17.0.13-win32-x86_64\bin\vcruntime140_1.dll
0x00007ff8b5730000 - 0x00007ff8b57bd000 	c:\Users\rizdi\.vscode\extensions\redhat.java-1.38.0-win32-x64\jre\17.0.13-win32-x86_64\bin\msvcp140.dll
0x00007ff880a30000 - 0x00007ff88169b000 	c:\Users\rizdi\.vscode\extensions\redhat.java-1.38.0-win32-x64\jre\17.0.13-win32-x86_64\bin\server\jvm.dll
0x00007ff903160000 - 0x00007ff903212000 	C:\WINDOWS\System32\ADVAPI32.dll
0x00007ff902120000 - 0x00007ff9021c7000 	C:\WINDOWS\System32\sechost.dll
0x00007ff901820000 - 0x00007ff901848000 	C:\WINDOWS\System32\bcrypt.dll
0x00007ff9039d0000 - 0x00007ff903ae4000 	C:\WINDOWS\System32\RPCRT4.dll
0x00007ff903510000 - 0x00007ff903581000 	C:\WINDOWS\System32\WS2_32.dll
0x00007ff900510000 - 0x00007ff90055d000 	C:\WINDOWS\SYSTEM32\POWRPROF.dll
0x00007ff8f9c90000 - 0x00007ff8f9c9a000 	C:\WINDOWS\SYSTEM32\VERSION.dll
0x00007ff8fd370000 - 0x00007ff8fd3a4000 	C:\WINDOWS\SYSTEM32\WINMM.dll
0x00007ff9004f0000 - 0x00007ff900503000 	C:\WINDOWS\SYSTEM32\UMPDC.dll
0x00007ff9007b0000 - 0x00007ff9007c8000 	C:\WINDOWS\SYSTEM32\kernel.appcore.dll
0x00007ff8fc0b0000 - 0x00007ff8fc0ba000 	c:\Users\rizdi\.vscode\extensions\redhat.java-1.38.0-win32-x64\jre\17.0.13-win32-x86_64\bin\jimage.dll
0x00007ff8fefd0000 - 0x00007ff8ff202000 	C:\WINDOWS\SYSTEM32\DBGHELP.DLL
0x00007ff903640000 - 0x00007ff9039cf000 	C:\WINDOWS\System32\combase.dll
0x00007ff902910000 - 0x00007ff9029e7000 	C:\WINDOWS\System32\OLEAUT32.dll
0x00007ff8e3030000 - 0x00007ff8e3062000 	C:\WINDOWS\SYSTEM32\dbgcore.DLL
0x00007ff9018f0000 - 0x00007ff90196b000 	C:\WINDOWS\System32\bcryptPrimitives.dll
0x00007ff8f2e50000 - 0x00007ff8f2e5e000 	c:\Users\rizdi\.vscode\extensions\redhat.java-1.38.0-win32-x64\jre\17.0.13-win32-x86_64\bin\instrument.dll
0x00007ff8e8f90000 - 0x00007ff8e8fb5000 	c:\Users\rizdi\.vscode\extensions\redhat.java-1.38.0-win32-x64\jre\17.0.13-win32-x86_64\bin\java.dll
0x00007ff8e78c0000 - 0x00007ff8e78d8000 	c:\Users\rizdi\.vscode\extensions\redhat.java-1.38.0-win32-x64\jre\17.0.13-win32-x86_64\bin\zip.dll
0x00007ff903af0000 - 0x00007ff904368000 	C:\WINDOWS\System32\SHELL32.dll
0x00007ff8ff5c0000 - 0x00007ff8ffec8000 	C:\WINDOWS\SYSTEM32\windows.storage.dll
0x00007ff8ff480000 - 0x00007ff8ff5bf000 	C:\WINDOWS\SYSTEM32\wintypes.dll
0x00007ff902ca0000 - 0x00007ff902d9a000 	C:\WINDOWS\System32\SHCORE.dll
0x00007ff902db0000 - 0x00007ff902e0e000 	C:\WINDOWS\System32\shlwapi.dll
0x00007ff9015b0000 - 0x00007ff9015db000 	C:\WINDOWS\SYSTEM32\profapi.dll
0x00007ff8e6600000 - 0x00007ff8e6619000 	C:\Users\rizdi\.vscode\extensions\redhat.java-1.38.0-win32-x64\jre\17.0.13-win32-x86_64\bin\net.dll
0x00007ff8fd070000 - 0x00007ff8fd1a6000 	C:\WINDOWS\SYSTEM32\WINHTTP.dll
0x00007ff900c30000 - 0x00007ff900c99000 	C:\WINDOWS\system32\mswsock.dll
0x00007ff8e61b0000 - 0x00007ff8e61c6000 	C:\Users\rizdi\.vscode\extensions\redhat.java-1.38.0-win32-x64\jre\17.0.13-win32-x86_64\bin\nio.dll
0x00007ff8f2cc0000 - 0x00007ff8f2cd0000 	c:\Users\rizdi\.vscode\extensions\redhat.java-1.38.0-win32-x64\jre\17.0.13-win32-x86_64\bin\verify.dll
0x00007ff8c8750000 - 0x00007ff8c8795000 	C:\Users\rizdi\AppData\Roaming\Code\User\globalStorage\redhat.java\1.38.0\config_win\org.eclipse.equinox.launcher\org.eclipse.equinox.launcher.win32.win32.x86_64_1.2.1100.v20240722-2106\eclipse_11904.dll
0x00007ff903360000 - 0x00007ff903505000 	C:\WINDOWS\System32\ole32.dll
0x00007ff900e90000 - 0x00007ff900eab000 	C:\WINDOWS\SYSTEM32\CRYPTSP.dll
0x00007ff900710000 - 0x00007ff900745000 	C:\WINDOWS\system32\rsaenh.dll
0x00007ff900d20000 - 0x00007ff900d48000 	C:\WINDOWS\SYSTEM32\USERENV.dll
0x00007ff900e80000 - 0x00007ff900e8c000 	C:\WINDOWS\SYSTEM32\CRYPTBASE.dll
0x00007ff9001e0000 - 0x00007ff90020d000 	C:\WINDOWS\SYSTEM32\IPHLPAPI.DLL
0x00007ff902ba0000 - 0x00007ff902ba9000 	C:\WINDOWS\System32\NSI.dll
0x00007ff8fd870000 - 0x00007ff8fd889000 	C:\WINDOWS\SYSTEM32\dhcpcsvc6.DLL
0x00007ff8fd2a0000 - 0x00007ff8fd2bf000 	C:\WINDOWS\SYSTEM32\dhcpcsvc.DLL
0x00007ff900210000 - 0x00007ff900312000 	C:\WINDOWS\SYSTEM32\DNSAPI.dll
0x00007ff8c8700000 - 0x00007ff8c8749000 	C:\Users\rizdi\AppData\Local\Temp\jna-108529896\jna15052001627256021177.dll
0x00007ff903150000 - 0x00007ff903158000 	C:\WINDOWS\System32\PSAPI.DLL
0x00007ff8c4e50000 - 0x00007ff8c4e77000 	C:\Users\rizdi\.gradle\native\c067742578af261105cb4f569cf0c3c89f3d7b1fecec35dd04571415982c5e48\windows-amd64\native-platform.dll
0x00007ff8fd520000 - 0x00007ff8fd52a000 	C:\Users\rizdi\.vscode\extensions\redhat.java-1.38.0-win32-x64\jre\17.0.13-win32-x86_64\bin\management.dll
0x00007ff8fd3e0000 - 0x00007ff8fd3eb000 	C:\Users\rizdi\.vscode\extensions\redhat.java-1.38.0-win32-x64\jre\17.0.13-win32-x86_64\bin\management_ext.dll
0x00007ff8fd850000 - 0x00007ff8fd85e000 	C:\Users\rizdi\.vscode\extensions\redhat.java-1.38.0-win32-x64\jre\17.0.13-win32-x86_64\bin\sunmscapi.dll
0x00007ff901a60000 - 0x00007ff901bc6000 	C:\WINDOWS\System32\CRYPT32.dll
0x00007ff901040000 - 0x00007ff90106d000 	C:\WINDOWS\SYSTEM32\ncrypt.dll
0x00007ff901000000 - 0x00007ff901037000 	C:\WINDOWS\SYSTEM32\NTASN1.dll
0x00007ff8e5900000 - 0x00007ff8e590a000 	C:\Windows\System32\rasadhlp.dll
0x00007ff8fa410000 - 0x00007ff8fa493000 	C:\WINDOWS\System32\fwpuclnt.dll
0x00007ff8fd530000 - 0x00007ff8fd539000 	C:\Users\rizdi\.vscode\extensions\redhat.java-1.38.0-win32-x64\jre\17.0.13-win32-x86_64\bin\extnet.dll

dbghelp: loaded successfully - version: 4.0.5 - missing functions: none
symbol engine: initialized successfully - sym options: 0x614 - pdb path: .;c:\Users\rizdi\.vscode\extensions\redhat.java-1.38.0-win32-x64\jre\17.0.13-win32-x86_64\bin;C:\WINDOWS\SYSTEM32;C:\WINDOWS\WinSxS\amd64_microsoft.windows.common-controls_6595b64144ccf1df_6.0.22621.4541_none_2710d1c57384c085;c:\Users\rizdi\.vscode\extensions\redhat.java-1.38.0-win32-x64\jre\17.0.13-win32-x86_64\bin\server;C:\Users\rizdi\AppData\Roaming\Code\User\globalStorage\redhat.java\1.38.0\config_win\org.eclipse.equinox.launcher\org.eclipse.equinox.launcher.win32.win32.x86_64_1.2.1100.v20240722-2106;C:\Users\rizdi\AppData\Local\Temp\jna-108529896;C:\Users\rizdi\.gradle\native\c067742578af261105cb4f569cf0c3c89f3d7b1fecec35dd04571415982c5e48\windows-amd64

VM Arguments:
jvm_args: --add-modules=ALL-SYSTEM --add-opens=java.base/java.util=ALL-UNNAMED --add-opens=java.base/java.lang=ALL-UNNAMED --add-opens=java.base/sun.nio.fs=ALL-UNNAMED -Declipse.application=org.eclipse.jdt.ls.core.id1 -Dosgi.bundles.defaultStartLevel=4 -Declipse.product=org.eclipse.jdt.ls.core.product -Djava.import.generatesMetadataFilesAtProjectRoot=false -DDetectVMInstallationsJob.disabled=true -Dfile.encoding=utf8 -XX:+UseParallelGC -XX:GCTimeRatio=4 -XX:AdaptiveSizePolicyWeight=90 -Dsun.zip.disableMemoryMapping=true -Xmx1G -Xms100m -Xlog:disable -javaagent:c:\Users\rizdi\.vscode\extensions\redhat.java-1.38.0-win32-x64\lombok\lombok-1.18.34.jar -XX:+HeapDumpOnOutOfMemoryError -XX:HeapDumpPath=c:\Users\rizdi\AppData\Roaming\Code\User\workspaceStorage\91ffe9285b8eece1fb78c072f607f828\redhat.java -Daether.dependencyCollector.impl=bf 
java_command: c:\Users\rizdi\.vscode\extensions\redhat.java-1.38.0-win32-x64\server\plugins\org.eclipse.equinox.launcher_1.6.900.v20240613-2009.jar -configuration c:\Users\rizdi\AppData\Roaming\Code\User\globalStorage\redhat.java\1.38.0\config_win -data c:\Users\rizdi\AppData\Roaming\Code\User\workspaceStorage\91ffe9285b8eece1fb78c072f607f828\redhat.java\jdt_ws --pipe=\\.\pipe\lsp-c278ceb99f695f12c151ec80ad92f604-sock
java_class_path (initial): c:\Users\rizdi\.vscode\extensions\redhat.java-1.38.0-win32-x64\server\plugins\org.eclipse.equinox.launcher_1.6.900.v20240613-2009.jar
Launcher Type: SUN_STANDARD

[Global flags]
    uintx AdaptiveSizePolicyWeight                 = 90                                        {product} {command line}
     intx CICompilerCount                          = 4                                         {product} {ergonomic}
    uintx GCTimeRatio                              = 4                                         {product} {command line}
     bool HeapDumpOnOutOfMemoryError               = true                                   {manageable} {command line}
    ccstr HeapDumpPath                             = c:\Users\rizdi\AppData\Roaming\Code\User\workspaceStorage\91ffe9285b8eece1fb78c072f607f828\redhat.java         {manageable} {command line}
   size_t InitialHeapSize                          = 104857600                                 {product} {command line}
   size_t MaxHeapSize                              = 1073741824                                {product} {command line}
   size_t MaxNewSize                               = 357564416                                 {product} {ergonomic}
   size_t MinHeapDeltaBytes                        = 524288                                    {product} {ergonomic}
   size_t MinHeapSize                              = 104857600                                 {product} {command line}
   size_t NewSize                                  = 34603008                                  {product} {ergonomic}
    uintx NonNMethodCodeHeapSize                   = 5839372                                {pd product} {ergonomic}
    uintx NonProfiledCodeHeapSize                  = 122909434                              {pd product} {ergonomic}
   size_t OldSize                                  = 70254592                                  {product} {ergonomic}
    uintx ProfiledCodeHeapSize                     = 122909434                              {pd product} {ergonomic}
    uintx ReservedCodeCacheSize                    = 251658240                              {pd product} {ergonomic}
     bool SegmentedCodeCache                       = true                                      {product} {ergonomic}
   size_t SoftMaxHeapSize                          = 1073741824                             {manageable} {ergonomic}
     bool UseCompressedClassPointers               = true                           {product lp64_product} {ergonomic}
     bool UseCompressedOops                        = true                           {product lp64_product} {ergonomic}
     bool UseLargePagesIndividualAllocation        = false                                  {pd product} {ergonomic}
     bool UseParallelGC                            = true                                      {product} {command line}

Logging:
Log output configuration:
 #0: stdout all=off uptime,level,tags
 #1: stderr all=off uptime,level,tags

Environment Variables:
JAVA_HOME=C:\Program Files\Java\jdk-17
PATH=C:\Users\rizdi\AppData\Local\Programs\Python\Python312\Scripts\;C:\Users\rizdi\AppData\Local\Programs\Python\Python312\;C:\Program Files\Common Files\Oracle\Java\javapath;C:\ProgramData\Oracle\Java\javapath;C:\WINDOWS\system32;C:\WINDOWS;C:\WINDOWS\System32\Wbem;C:\WINDOWS\System32\WindowsPowerShell\v1.0\;C:\WINDOWS\System32\OpenSSH\;E:\xampp\php;E:\xampp\mysql\bin;C:\Program Files\dotnet\;C:\ProgramData\chocolatey\bin;C:\ProgramData\ComposerSetup\bin;C:\Program Files\Git\cmd;C:\Program Files\Git\mingw64\bin;C:\Program Files\Git\usr\bin;E:\FluterDev\flutter\bin;C:\Program Files\Java\jdk-17\bin;C:\Users\rizdi\AppData\Roaming\nvm;C:\Program Files\nodejs;E:\Androids\Sdk\platform-tools;E:\Androids\Sdk;C:\Users\rizdi\AppData\Local\Programs\Python\Python312\Scripts\;C:\Users\rizdi\AppData\Local\Programs\Python\Python312\;C:\Users\rizdi\AppData\Local\Programs\Python\Python311\Scripts\;C:\Users\rizdi\AppData\Local\Programs\Python\Python311\;C:\Users\rizdi\AppData\Local\Microsoft\WindowsApps;C:\Users\rizdi\AppData\Local\Programs\Microsoft VS Code\bin;C:\Users\rizdi\AppData\Local\ComposerSetup\bin;C:\Users\rizdi\AppData\Roaming\Composer\vendor\bin;C:\Users\rizdi\AppData\Roaming\npm;C:\Users\rizdi\AppData\Roaming\nvm;C:\Program Files\nodejs
USERNAME=rizdi
OS=Windows_NT
PROCESSOR_IDENTIFIER=Intel64 Family 6 Model 142 Stepping 11, GenuineIntel
TMP=C:\Users\rizdi\AppData\Local\Temp
TEMP=C:\Users\rizdi\AppData\Local\Temp



Periodic native trim disabled


---------------  S Y S T E M  ---------------

OS:
 Windows 11 , 64 bit Build 22621 (10.0.22621.4391)
OS uptime: 4 days 6:47 hours

CPU: total 8 (initial active 8) (4 cores per cpu, 2 threads per core) family 6 model 142 stepping 11 microcode 0xf0, cx8, cmov, fxsr, ht, mmx, 3dnowpref, sse, sse2, sse3, ssse3, sse4.1, sse4.2, popcnt, lzcnt, tsc, tscinvbit, avx, avx2, aes, erms, clmul, bmi1, bmi2, adx, fma, vzeroupper, clflush, clflushopt
Processor Information for all 8 processors :
  Max Mhz: 1992, Current Mhz: 1792, Mhz Limit: 1792

Memory: 4k page, system-wide physical 8072M (415M free)
TotalPageFile size 23094M (AvailPageFile size 0M)
current process WorkingSet (physical memory assigned to process): 713M, peak: 749M
current process commit charge ("private bytes"): 727M, peak: 1016M

vm_info: OpenJDK 64-Bit Server VM (17.0.13+11) for windows-amd64 JRE (17.0.13+11), built on Oct 16 2024 00:10:08 by "admin" with MS VC++ 17.7 (VS2022)

END.
